---
source: crates/evalhub-query/tests/compile.rs
expression: schema
---
{
  "$defs": {
    "filter": {
      "description": "A filter: a connective or a leaf.",
      "oneOf": [
        {
          "additionalProperties": false,
          "properties": {
            "and": {
              "items": {
                "$ref": "#/$defs/filter"
              },
              "type": "array"
            }
          },
          "required": [
            "and"
          ],
          "type": "object"
        },
        {
          "additionalProperties": false,
          "properties": {
            "or": {
              "items": {
                "$ref": "#/$defs/filter"
              },
              "type": "array"
            }
          },
          "required": [
            "or"
          ],
          "type": "object"
        },
        {
          "additionalProperties": false,
          "properties": {
            "not": {
              "$ref": "#/$defs/filter"
            }
          },
          "required": [
            "not"
          ],
          "type": "object"
        },
        {
          "additionalProperties": false,
          "description": "A scalar comparison.",
          "properties": {
            "op": {
              "enum": [
                "eq",
                "ne",
                "gt",
                "gte",
                "lt",
                "lte",
                "in",
                "prefix",
                "contains"
              ]
            },
            "path": {
              "type": "string"
            },
            "value": true
          },
          "required": [
            "path",
            "op",
            "value"
          ],
          "type": "object"
        },
        {
          "additionalProperties": false,
          "description": "The path has a value, `null` included.",
          "properties": {
            "op": {
              "const": "exists"
            },
            "path": {
              "type": "string"
            }
          },
          "required": [
            "path",
            "op"
          ],
          "type": "object"
        },
        {
          "additionalProperties": false,
          "description": "At least one element of an array path satisfies every term.",
          "properties": {
            "match": {
              "additionalProperties": {
                "description": "A literal (meaning `eq`), or an operator and a literal.",
                "oneOf": [
                  {
                    "type": [
                      "string",
                      "number",
                      "boolean",
                      "null"
                    ]
                  },
                  {
                    "additionalProperties": false,
                    "properties": {
                      "op": {
                        "enum": [
                          "eq",
                          "ne",
                          "gt",
                          "gte",
                          "lt",
                          "lte",
                          "in",
                          "prefix",
                          "contains"
                        ]
                      },
                      "value": true
                    },
                    "required": [
                      "value"
                    ],
                    "type": "object"
                  }
                ]
              },
              "type": "object"
            },
            "op": {
              "const": "any"
            },
            "path": {
              "type": "string"
            }
          },
          "required": [
            "path",
            "op",
            "match"
          ],
          "type": "object"
        }
      ]
    }
  },
  "$ref": "#/$defs/filter"
}
